client/src/components/maps/ProjectsLayer.tsx(131,32): error TS2322: Type 'string | null' is not assignable to type 'number'.
  Type 'null' is not assignable to type 'number'.
client/src/components/maps/ProjectsLayer.tsx(131,50): error TS2322: Type 'string | null' is not assignable to type 'number'.
  Type 'null' is not assignable to type 'number'.
client/src/components/projects/ABFIMethodologyExplainer.tsx(7,58): error TS1149: File name 'C:/Users/Aaron/abfi-platform-1/client/src/components/ui/card.tsx' differs from already included file name 'C:/Users/Aaron/abfi-platform-1/client/src/components/ui/Card.tsx' only in casing.
  The file is in the program because:
    Imported via "@/components/ui/Card" from file 'C:/Users/Aaron/abfi-platform-1/client/src/pages/NotFound.tsx'
    Imported via "@/components/ui/Card" from file 'C:/Users/Aaron/abfi-platform-1/client/src/pages/FeedstockDetail.tsx'
    Imported via "@/components/ui/Card" from file 'C:/Users/Aaron/abfi-platform-1/client/src/pages/FeedstockEdit.tsx'
    Imported via "@/components/ui/Card" from file 'C:/Users/Aaron/abfi-platform-1/client/src/pages/Browse.tsx'
    Imported via "@/components/ui/Card" from file 'C:/Users/Aaron/abfi-platform-1/client/src/components/layout/StatsGrid.tsx'
    Imported via "@/components/ui/Card" from file 'C:/Users/Aaron/abfi-platform-1/client/src/pages/Dashboard.tsx'
    Imported via "@/components/ui/Card" from file 'C:/Users/Aaron/abfi-platform-1/client/src/pages/SupplierRegistration.tsx'
    Imported via "@/components/ui/Card" from file 'C:/Users/Aaron/abfi-platform-1/client/src/pages/BuyerRegistration.tsx'
    Imported via "@/components/ui/Card" from file 'C:/Users/Aaron/abfi-platform-1/client/src/pages/AdminDashboard.tsx'
    Imported via "@/components/ui/Card" from file 'C:/Users/Aaron/abfi-platform-1/client/src/pages/FeedstockCreate.tsx'
    Imported via "@/components/ui/Card" from file 'C:/Users/Aaron/abfi-platform-1/client/src/pages/SendInquiry.tsx'
    Imported via "@/components/ui/Card" from file 'C:/Users/Aaron/abfi-platform-1/client/src/pages/MapView.tsx'
    Imported via '@/components/ui/Card' from file 'C:/Users/Aaron/abfi-platform-1/client/src/components/maps/ProjectsLayer.tsx'
    Imported via '@/components/ui/card' from file 'C:/Users/Aaron/abfi-platform-1/client/src/components/projects/ProjectClaimingModal.tsx'
    Imported via '@/components/ui/card' from file 'C:/Users/Aaron/abfi-platform-1/client/src/components/projects/ABFIMethodologyExplainer.tsx'
    Imported via '@/components/ui/Card' from file 'C:/Users/Aaron/abfi-platform-1/client/src/components/maps/BiomassRiskPanel.tsx'
    Imported via '@/components/ui/Card' from file 'C:/Users/Aaron/abfi-platform-1/client/src/pages/MapPage.tsx'
    Imported via "@/components/ui/Card" from file 'C:/Users/Aaron/abfi-platform-1/client/src/pages/CertificateUpload.tsx'
    Imported via "@/components/ui/Card" from file 'C:/Users/Aaron/abfi-platform-1/client/src/pages/SupplierInquiries.tsx'
    Imported via "@/components/ui/Card" from file 'C:/Users/Aaron/abfi-platform-1/client/src/pages/BuyerInquiries.tsx'
    Imported via "@/components/ui/Card" from file 'C:/Users/Aaron/abfi-platform-1/client/src/pages/SupplierFeedstocks.tsx'
    Imported via "@/components/ui/Card" from file 'C:/Users/Aaron/abfi-platform-1/client/src/pages/BankabilityDashboard.tsx'
    Imported via "@/components/ui/Card" from file 'C:/Users/Aaron/abfi-platform-1/client/src/components/ScoreCard.tsx'
    Imported via "@/components/ui/Card" from file 'C:/Users/Aaron/abfi-platform-1/client/src/pages/SavedSearches.tsx'
    Imported via "@/components/ui/Card" from file 'C:/Users/Aaron/abfi-platform-1/client/src/pages/SupplierProfile.tsx'
    Imported via "@/components/ui/Card" from file 'C:/Users/Aaron/abfi-platform-1/client/src/pages/SupplierPublicProfile.tsx'
    Imported via "@/components/ui/Card" from file 'C:/Users/Aaron/abfi-platform-1/client/src/pages/BuyerProfile.tsx'
    Imported via "@/components/ui/Card" from file 'C:/Users/Aaron/abfi-platform-1/client/src/pages/Notifications.tsx'
    Imported via "@/components/ui/Card" from file 'C:/Users/Aaron/abfi-platform-1/client/src/pages/QualityTestUpload.tsx'
    Imported via "@/components/ui/Card" from file 'C:/Users/Aaron/abfi-platform-1/client/src/pages/SupplyAgreements.tsx'
    Imported via "@/components/ui/Card" from file 'C:/Users/Aaron/abfi-platform-1/client/src/pages/InquiryResponse.tsx'
    Imported via "@/components/ui/Card" from file 'C:/Users/Aaron/abfi-platform-1/client/src/pages/GrowerQualification.tsx'
    Imported via "@/components/ui/Card" from file 'C:/Users/Aaron/abfi-platform-1/client/src/pages/BankabilityAssessment.tsx'
    Imported via "@/components/ui/Card" from file 'C:/Users/Aaron/abfi-platform-1/client/src/pages/LenderPortal.tsx'
    Imported via "@/components/ui/Card" from file 'C:/Users/Aaron/abfi-platform-1/client/src/pages/LenderPortfolioOverview.tsx'
    Imported via "@/components/ui/Card" from file 'C:/Users/Aaron/abfi-platform-1/client/src/pages/LenderRiskAnalytics.tsx'
    Imported via "@/components/ui/Card" from file 'C:/Users/Aaron/abfi-platform-1/client/src/pages/AdminAuditLogs.tsx'
    Imported via "@/components/ui/Card" from file 'C:/Users/Aaron/abfi-platform-1/client/src/pages/ComplianceDashboard.tsx'
    Imported via "@/components/ui/Card" from file 'C:/Users/Aaron/abfi-platform-1/client/src/pages/GrantVerification.tsx'
    Imported via "@/components/ui/Card" from file 'C:/Users/Aaron/abfi-platform-1/client/src/pages/ARENACEFCDashboard.tsx'
    Imported via "@/components/ui/Card" from file 'C:/Users/Aaron/abfi-platform-1/client/src/pages/ABARESLandUse.tsx'
    Imported via "@/components/ui/Card" from file 'C:/Users/Aaron/abfi-platform-1/client/src/pages/BOMWeatherDashboard.tsx'
    Imported via "@/components/ui/Card" from file 'C:/Users/Aaron/abfi-platform-1/client/src/pages/EvidenceManagement.tsx'
    Imported via "@/components/ui/Card" from file 'C:/Users/Aaron/abfi-platform-1/client/src/pages/EvidenceVaultDashboard.tsx'
    Imported via "@/components/ui/Card" from file 'C:/Users/Aaron/abfi-platform-1/client/src/pages/SupplyChainDashboard.tsx'
    Imported via "@/components/ui/Card" from file 'C:/Users/Aaron/abfi-platform-1/client/src/pages/EmissionsCalculator.tsx'
    Imported via "@/components/ui/Card" from file 'C:/Users/Aaron/abfi-platform-1/client/src/pages/CredentialsDashboard.tsx'
    Imported via "@/components/ui/Card" from file 'C:/Users/Aaron/abfi-platform-1/client/src/pages/GOSchemeDashboard.tsx'
    Imported via "@/components/ui/Card" from file 'C:/Users/Aaron/abfi-platform-1/client/src/pages/AustralianDataExplorer.tsx'
    Imported via "@/components/ui/Card" from file 'C:/Users/Aaron/abfi-platform-1/client/src/pages/DevLogin.tsx'
    Imported via "@/components/ui/Card" from file 'C:/Users/Aaron/abfi-platform-1/client/src/pages/MyGovIdLogin.tsx'
    Imported via "@/components/ui/Card" from file 'C:/Users/Aaron/abfi-platform-1/client/src/pages/ProducerRegistration.tsx'
    Imported via "@/components/ui/Card" from file 'C:/Users/Aaron/abfi-platform-1/client/src/pages/ProducerAccountSetup.tsx'
    Imported via "@/components/ui/Card" from file 'C:/Users/Aaron/abfi-platform-1/client/src/pages/ProducerPropertyMap.tsx'
    Imported via "@/components/ui/Card" from file 'C:/Users/Aaron/abfi-platform-1/client/src/pages/ProducerPropertyDetails.tsx'
    Imported via "@/components/ui/Card" from file 'C:/Users/Aaron/abfi-platform-1/client/src/pages/ProducerProductionProfile.tsx'
    Imported via "@/components/ui/Card" from file 'C:/Users/Aaron/abfi-platform-1/client/src/pages/ProducerCarbonCalculator.tsx'
    Imported via "@/components/ui/Card" from file 'C:/Users/Aaron/abfi-platform-1/client/src/pages/ProducerContracts.tsx'
    Imported via "@/components/ui/Card" from file 'C:/Users/Aaron/abfi-platform-1/client/src/pages/ProducerMarketplaceListing.tsx'
    Imported via "@/components/ui/Card" from file 'C:/Users/Aaron/abfi-platform-1/client/src/pages/ProducerReview.tsx'
    Imported via "@/components/ui/Card" from file 'C:/Users/Aaron/abfi-platform-1/client/src/pages/ProjectRegistrationSuccess.tsx'
    Imported via "@/components/ui/Card" from file 'C:/Users/Aaron/abfi-platform-1/client/src/pages/CertificateVerification.tsx'
    Imported via "@/components/ui/Card" from file 'C:/Users/Aaron/abfi-platform-1/client/src/pages/ProducerRegistrationSuccess.tsx'
    Imported via "@/components/ui/Card" from file 'C:/Users/Aaron/abfi-platform-1/client/src/pages/FinancialOnboardingSuccess.tsx'
    Imported via "@/components/ui/Card" from file 'C:/Users/Aaron/abfi-platform-1/client/src/pages/AdminAssessorWorkflow.tsx'
    Imported via "@/components/ui/Card" from file 'C:/Users/Aaron/abfi-platform-1/client/src/pages/AdminUserManagement.tsx'
    Imported via "@/components/ui/Card" from file 'C:/Users/Aaron/abfi-platform-1/client/src/pages/AdminRSIE.tsx'
    Imported via "@/components/ui/Card" from file 'C:/Users/Aaron/abfi-platform-1/client/src/pages/MonitoringJobsScheduler.tsx'
    Imported via "@/components/ui/Card" from file 'C:/Users/Aaron/abfi-platform-1/client/src/pages/GrowerQualificationTiers.tsx'
    Imported via "@/components/ui/Card" from file 'C:/Users/Aaron/abfi-platform-1/client/src/pages/ConcentrationAnalysis.tsx'
    Imported via "@/components/ui/Card" from file 'C:/Users/Aaron/abfi-platform-1/client/src/pages/CreateDemandSignal.tsx'
    Imported via "@/components/ui/Card" from file 'C:/Users/Aaron/abfi-platform-1/client/src/pages/BrowseDemandSignals.tsx'
    Imported via "@/components/ui/Card" from file 'C:/Users/Aaron/abfi-platform-1/client/src/pages/DemandSignalDetail.tsx'
    Imported via "@/components/ui/Card" from file 'C:/Users/Aaron/abfi-platform-1/client/src/pages/SupplierFutures.tsx'
    Imported via "@/components/ui/Card" from file 'C:/Users/Aaron/abfi-platform-1/client/src/pages/FuturesCreate.tsx'
    Imported via "@/components/ui/Card" from file 'C:/Users/Aaron/abfi-platform-1/client/src/pages/FuturesDetailSupplier.tsx'
    Imported via "@/components/ui/Card" from file 'C:/Users/Aaron/abfi-platform-1/client/src/pages/FuturesMarketplace.tsx'
    Imported via "@/components/ui/Card" from file 'C:/Users/Aaron/abfi-platform-1/client/src/pages/FuturesDetailBuyer.tsx'
    Imported via "@/components/ui/Card" from file 'C:/Users/Aaron/abfi-platform-1/client/src/pages/MyEOIs.tsx'
    Imported via "@/components/ui/Card" from file 'C:/Users/Aaron/abfi-platform-1/client/src/pages/ForGrowers.tsx'
    Imported via "@/components/ui/Card" from file 'C:/Users/Aaron/abfi-platform-1/client/src/pages/ForDevelopers.tsx'
    Imported via "@/components/ui/Card" from file 'C:/Users/Aaron/abfi-platform-1/client/src/pages/ForLenders.tsx'
    Imported via "@/components/ui/Card" from file 'C:/Users/Aaron/abfi-platform-1/client/src/pages/PlatformFeatures.tsx'
    Imported via '@/components/ui/Card' from file 'C:/Users/Aaron/abfi-platform-1/client/src/components/HeyGenExplainerVideo.tsx'
    Imported via "@/components/ui/Card" from file 'C:/Users/Aaron/abfi-platform-1/client/src/pages/StressTesting.tsx'
    Imported via "@/components/ui/Card" from file 'C:/Users/Aaron/abfi-platform-1/client/src/pages/AuditLogs.tsx'
    Imported via "@/components/ui/Card" from file 'C:/Users/Aaron/abfi-platform-1/client/src/pages/PlatformHealth.tsx'
    Imported via "@/components/ui/Card" from file 'C:/Users/Aaron/abfi-platform-1/client/src/pages/ProcurementScenarios.tsx'
    Imported via "@/components/ui/Card" from file 'C:/Users/Aaron/abfi-platform-1/client/src/pages/LendingSentimentDashboard.tsx'
    Imported via "@/components/ui/Card" from file 'C:/Users/Aaron/abfi-platform-1/client/src/pages/FeedstockPriceDashboard.tsx'
    Imported via "@/components/ui/Card" from file 'C:/Users/Aaron/abfi-platform-1/client/src/pages/PolicyCarbonDashboard.tsx'
    Imported via "@/components/ui/Card" from file 'C:/Users/Aaron/abfi-platform-1/client/src/pages/StealthDiscovery.tsx'
    Imported via '@/components/ui/Card' from file 'C:/Users/Aaron/abfi-platform-1/client/src/components/maps/UnifiedMap.tsx'
    Imported via '@/components/ui/Card' from file 'C:/Users/Aaron/abfi-platform-1/client/src/components/maps/SatelliteDataPanel.tsx'
    Imported via "@/components/ui/Card" from file 'C:/Users/Aaron/abfi-platform-1/client/src/pages/MarketIntelligence.tsx'
    Imported via "@/components/ui/Card" from file 'C:/Users/Aaron/abfi-platform-1/client/src/pages/BankabilityRatings.tsx'
    Imported via "@/components/ui/Card" from file 'C:/Users/Aaron/abfi-platform-1/client/src/pages/ProjectRatingsMatrix.tsx'
    Imported via "@/components/ui/Card" from file 'C:/Users/Aaron/abfi-platform-1/client/src/pages/ProjectRatingDetail.tsx'
    Imported via "@/components/ui/Card" from file 'C:/Users/Aaron/abfi-platform-1/client/src/pages/CarbonIntensityAnalysis.tsx'
    Imported via "@/components/ui/Card" from file 'C:/Users/Aaron/abfi-platform-1/client/src/pages/Landing.tsx'
    Imported via "@/components/ui/Card" from file 'C:/Users/Aaron/abfi-platform-1/client/src/pages/Explore.tsx'
    Imported via "@/components/ui/Card" from file 'C:/Users/Aaron/abfi-platform-1/client/src/pages/Methodology.tsx'
    Imported via "@/components/ui/Card" from file 'C:/Users/Aaron/abfi-platform-1/client/src/components/dashboard/SimplifiedDashboard.tsx'
    Imported via "@/components/ui/Card" from file 'C:/Users/Aaron/abfi-platform-1/client/src/pages/GrowerDashboard.tsx'
    Imported via '@/components/ui/Card' from file 'C:/Users/Aaron/abfi-platform-1/client/src/components/carbon/CarbonWallet.tsx'
    Imported via "@/components/ui/Card" from file 'C:/Users/Aaron/abfi-platform-1/client/src/pages/GrowerSettings.tsx'
    Imported via "@/components/ui/Card" from file 'C:/Users/Aaron/abfi-platform-1/client/src/pages/DeveloperDashboard.tsx'
    Imported via './Card' from file 'C:/Users/Aaron/abfi-platform-1/client/src/components/ui/CompactCard.tsx'
    Imported via "@/components/ui/Card" from file 'C:/Users/Aaron/abfi-platform-1/client/src/pages/FinanceDashboard.tsx'
    Imported via "@/components/ui/Card" from file 'C:/Users/Aaron/abfi-platform-1/client/src/pages/GovernmentDashboard.tsx'
    Imported via "@/components/ui/Card" from file 'C:/Users/Aaron/abfi-platform-1/client/src/pages/PriceDashboard.tsx'
    Imported via "@/components/ui/Card" from file 'C:/Users/Aaron/abfi-platform-1/client/src/pages/SupplierDirectory.tsx'
    Imported via "@/components/ui/Card" from file 'C:/Users/Aaron/abfi-platform-1/client/src/pages/QuoteRequest.tsx'
    Imported via "@/components/ui/Card" from file 'C:/Users/Aaron/abfi-platform-1/client/src/pages/Changelog.tsx'
    Imported via "@/components/ui/Card" from file 'C:/Users/Aaron/abfi-platform-1/client/src/pages/ProjectRegistry.tsx'
    Imported via "@/components/ui/Card" from file 'C:/Users/Aaron/abfi-platform-1/client/src/components/registry/ProjectCard.tsx'
    Imported via "@/components/ui/Card" from file 'C:/Users/Aaron/abfi-platform-1/client/src/pages/ProjectRegistryDetail.tsx'
    Imported via '@/components/ui/Card' from file 'C:/Users/Aaron/abfi-platform-1/client/src/components/climate/UnifiedClimatePanel.tsx'
    Imported via '@/components/ui/Card' from file 'C:/Users/Aaron/abfi-platform-1/client/src/pages/ClimateIntelligenceHub.tsx'
    Imported via '@/components/ui/Card' from file 'C:/Users/Aaron/abfi-platform-1/client/src/components/climate/ClimateLayerControls.tsx'
    Imported via "@/components/ui/Card" from file 'C:/Users/Aaron/abfi-platform-1/client/src/pages/ClaimProject.tsx'
    Imported via '@/components/ui/Card' from file 'C:/Users/Aaron/abfi-platform-1/client/src/pages/BeemaBamboo.tsx'
    Matched by include pattern 'client/src/**/*' in 'C:/Users/Aaron/abfi-platform-1/tsconfig.json'
    Imported via "@/components/ui/Card" from file 'C:/Users/Aaron/abfi-platform-1/client/src/pages/ComponentShowcase.tsx'
    Imported via "@/components/ui/Card" from file 'C:/Users/Aaron/abfi-platform-1/client/src/pages/GrowingCalendar.tsx'
    Imported via '@/components/ui/Card' from file 'C:/Users/Aaron/abfi-platform-1/client/src/pages/LenderDashboard.tsx'
    Imported via "@/components/ui/Card" from file 'C:/Users/Aaron/abfi-platform-1/client/src/pages/MarketIntelligenceMap.tsx'
    Imported via "@/components/ui/Card" from file 'C:/Users/Aaron/abfi-platform-1/client/src/pages/ProducerSuccess.tsx'
client/src/components/projects/ABFIMethodologyExplainer.tsx(9,24): error TS1149: File name 'C:/Users/Aaron/abfi-platform-1/client/src/components/ui/button.tsx' differs from already included file name 'C:/Users/Aaron/abfi-platform-1/client/src/components/ui/Button.tsx' only in casing.
  The file is in the program because:
    Imported via "@/components/ui/Button" from file 'C:/Users/Aaron/abfi-platform-1/client/src/components/ErrorBoundary.tsx'
    Imported via '@/components/ui/Button' from file 'C:/Users/Aaron/abfi-platform-1/client/src/components/layout/TopNavigation.tsx'
    Imported via '@/components/ui/Button' from file 'C:/Users/Aaron/abfi-platform-1/client/src/components/layout/MapControlsPanel.tsx'
    Imported via "@/components/ui/Button" from file 'C:/Users/Aaron/abfi-platform-1/client/src/components/navigation/TopBar.tsx'
    Imported via "@/components/ui/Button" from file 'C:/Users/Aaron/abfi-platform-1/client/src/components/navigation/PortalSwitcher.tsx'
    Imported via "@/components/ui/Button" from file 'C:/Users/Aaron/abfi-platform-1/client/src/components/navigation/SideNavigation.tsx'
    Imported via "@/components/ui/Button" from file 'C:/Users/Aaron/abfi-platform-1/client/src/components/Onboarding/HeyGenTour.tsx'
    Imported via "@/components/ui/Button" from file 'C:/Users/Aaron/abfi-platform-1/client/src/components/AIHelper/AvatarAssistant.tsx'
    Imported via "@/components/ui/Button" from file 'C:/Users/Aaron/abfi-platform-1/client/src/components/HelpDesk/HelpWidget.tsx'
    Imported via "@/components/ui/Button" from file 'C:/Users/Aaron/abfi-platform-1/client/src/pages/NotFound.tsx'
    Imported via "@/components/ui/Button" from file 'C:/Users/Aaron/abfi-platform-1/client/src/pages/FeedstockDetail.tsx'
    Imported via "@/components/ui/Button" from file 'C:/Users/Aaron/abfi-platform-1/client/src/pages/FeedstockEdit.tsx'
    Imported via "@/components/ui/Button" from file 'C:/Users/Aaron/abfi-platform-1/client/src/pages/Browse.tsx'
    Imported via "@/components/ui/Button" from file 'C:/Users/Aaron/abfi-platform-1/client/src/components/layout/PageHeader.tsx'
    Imported via '@/components/ui/Button' from file 'C:/Users/Aaron/abfi-platform-1/client/src/components/layout/CollapsibleSection.tsx'
    Imported via "@/components/ui/Button" from file 'C:/Users/Aaron/abfi-platform-1/client/src/pages/Dashboard.tsx'
    Imported via "@/components/ui/Button" from file 'C:/Users/Aaron/abfi-platform-1/client/src/components/ui/sidebar.tsx'
    Imported via "@/components/ui/Button" from file 'C:/Users/Aaron/abfi-platform-1/client/src/components/DashboardLayout.tsx'
    Imported via "@/components/ui/Button" from file 'C:/Users/Aaron/abfi-platform-1/client/src/pages/SupplierRegistration.tsx'
    Imported via "@/components/ui/Button" from file 'C:/Users/Aaron/abfi-platform-1/client/src/pages/BuyerRegistration.tsx'
    Imported via "@/components/ui/Button" from file 'C:/Users/Aaron/abfi-platform-1/client/src/pages/AdminDashboard.tsx'
    Imported via "@/components/ui/Button" from file 'C:/Users/Aaron/abfi-platform-1/client/src/pages/FeedstockCreate.tsx'
    Imported via "@/components/ui/Button" from file 'C:/Users/Aaron/abfi-platform-1/client/src/pages/SendInquiry.tsx'
    Imported via "@/components/ui/Button" from file 'C:/Users/Aaron/abfi-platform-1/client/src/pages/MapView.tsx'
    Imported via '@/components/ui/Button' from file 'C:/Users/Aaron/abfi-platform-1/client/src/components/maps/ProjectsLayer.tsx'
    Imported via '@/components/ui/Button' from file 'C:/Users/Aaron/abfi-platform-1/client/src/components/projects/ProjectClaimingModal.tsx'
    Imported via '@/components/ui/button' from file 'C:/Users/Aaron/abfi-platform-1/client/src/components/projects/ABFIMethodologyExplainer.tsx'
    Imported via '@/components/ui/Button' from file 'C:/Users/Aaron/abfi-platform-1/client/src/components/maps/PlatformMap.tsx'
    Imported via '@/components/ui/Button' from file 'C:/Users/Aaron/abfi-platform-1/client/src/components/maps/BiomassRiskPanel.tsx'
    Imported via '@/components/ui/Button' from file 'C:/Users/Aaron/abfi-platform-1/client/src/pages/MapPage.tsx'
    Imported via "@/components/ui/Button" from file 'C:/Users/Aaron/abfi-platform-1/client/src/pages/CertificateUpload.tsx'
    Imported via "@/components/ui/Button" from file 'C:/Users/Aaron/abfi-platform-1/client/src/pages/SupplierInquiries.tsx'
    Imported via "@/components/ui/Button" from file 'C:/Users/Aaron/abfi-platform-1/client/src/pages/BuyerInquiries.tsx'
    Imported via "@/components/ui/Button" from file 'C:/Users/Aaron/abfi-platform-1/client/src/pages/SupplierFeedstocks.tsx'
    Imported via "@/components/ui/Button" from file 'C:/Users/Aaron/abfi-platform-1/client/src/pages/BankabilityDashboard.tsx'
    Imported via "@/components/ui/Button" from file 'C:/Users/Aaron/abfi-platform-1/client/src/pages/SavedSearches.tsx'
    Imported via "@/components/ui/Button" from file 'C:/Users/Aaron/abfi-platform-1/client/src/pages/SupplierProfile.tsx'
    Imported via "@/components/ui/Button" from file 'C:/Users/Aaron/abfi-platform-1/client/src/pages/SupplierPublicProfile.tsx'
    Imported via "@/components/ui/Button" from file 'C:/Users/Aaron/abfi-platform-1/client/src/pages/BuyerProfile.tsx'
    Imported via "@/components/ui/Button" from file 'C:/Users/Aaron/abfi-platform-1/client/src/pages/Notifications.tsx'
    Imported via "@/components/ui/Button" from file 'C:/Users/Aaron/abfi-platform-1/client/src/pages/QualityTestUpload.tsx'
    Imported via "@/components/ui/Button" from file 'C:/Users/Aaron/abfi-platform-1/client/src/pages/SupplyAgreements.tsx'
    Imported via "@/components/ui/Button" from file 'C:/Users/Aaron/abfi-platform-1/client/src/pages/InquiryResponse.tsx'
    Imported via "@/components/ui/Button" from file 'C:/Users/Aaron/abfi-platform-1/client/src/pages/GrowerQualification.tsx'
    Imported via "@/components/ui/Button" from file 'C:/Users/Aaron/abfi-platform-1/client/src/pages/BankabilityAssessment.tsx'
    Imported via "@/components/ui/Button" from file 'C:/Users/Aaron/abfi-platform-1/client/src/pages/LenderPortal.tsx'
    Imported via "@/components/ui/Button" from file 'C:/Users/Aaron/abfi-platform-1/client/src/pages/LenderPortfolioOverview.tsx'
    Imported via "@/components/ui/Button" from file 'C:/Users/Aaron/abfi-platform-1/client/src/pages/LenderRiskAnalytics.tsx'
    Imported via "@/components/ui/Button" from file 'C:/Users/Aaron/abfi-platform-1/client/src/pages/AdminAuditLogs.tsx'
    Imported via "@/components/ui/Button" from file 'C:/Users/Aaron/abfi-platform-1/client/src/components/ui/calendar.tsx'
    Imported via "@/components/ui/Button" from file 'C:/Users/Aaron/abfi-platform-1/client/src/pages/ComplianceDashboard.tsx'
    Imported via "@/components/ui/Button" from file 'C:/Users/Aaron/abfi-platform-1/client/src/pages/GrantVerification.tsx'
    Imported via "@/components/ui/Button" from file 'C:/Users/Aaron/abfi-platform-1/client/src/pages/ARENACEFCDashboard.tsx'
    Imported via "@/components/ui/Button" from file 'C:/Users/Aaron/abfi-platform-1/client/src/pages/ABARESLandUse.tsx'
    Imported via "@/components/ui/Button" from file 'C:/Users/Aaron/abfi-platform-1/client/src/pages/BOMWeatherDashboard.tsx'
    Imported via "@/components/ui/Button" from file 'C:/Users/Aaron/abfi-platform-1/client/src/pages/EvidenceManagement.tsx'
    Imported via "@/components/ui/Button" from file 'C:/Users/Aaron/abfi-platform-1/client/src/pages/EvidenceVaultDashboard.tsx'
    Imported via "@/components/ui/Button" from file 'C:/Users/Aaron/abfi-platform-1/client/src/pages/SupplyChainDashboard.tsx'
    Imported via "@/components/ui/Button" from file 'C:/Users/Aaron/abfi-platform-1/client/src/pages/EmissionsCalculator.tsx'
    Imported via "@/components/ui/Button" from file 'C:/Users/Aaron/abfi-platform-1/client/src/pages/CredentialsDashboard.tsx'
    Imported via "@/components/ui/Button" from file 'C:/Users/Aaron/abfi-platform-1/client/src/pages/GOSchemeDashboard.tsx'
    Imported via "@/components/ui/Button" from file 'C:/Users/Aaron/abfi-platform-1/client/src/pages/AustralianDataExplorer.tsx'
    Imported via "@/components/ui/Button" from file 'C:/Users/Aaron/abfi-platform-1/client/src/pages/DevLogin.tsx'
    Imported via "@/components/ui/Button" from file 'C:/Users/Aaron/abfi-platform-1/client/src/pages/MyGovIdLogin.tsx'
    Imported via "@/components/ui/Button" from file 'C:/Users/Aaron/abfi-platform-1/client/src/pages/ProducerRegistration.tsx'
    Imported via "@/components/ui/Button" from file 'C:/Users/Aaron/abfi-platform-1/client/src/pages/ProducerAccountSetup.tsx'
    Imported via "@/components/ui/Button" from file 'C:/Users/Aaron/abfi-platform-1/client/src/pages/ProducerPropertyMap.tsx'
    Imported via "@/components/ui/Button" from file 'C:/Users/Aaron/abfi-platform-1/client/src/pages/ProducerPropertyDetails.tsx'
    Imported via "@/components/ui/Button" from file 'C:/Users/Aaron/abfi-platform-1/client/src/pages/ProducerProductionProfile.tsx'
    Imported via "@/components/ui/Button" from file 'C:/Users/Aaron/abfi-platform-1/client/src/pages/ProducerCarbonCalculator.tsx'
    Imported via "@/components/ui/Button" from file 'C:/Users/Aaron/abfi-platform-1/client/src/pages/ProducerContracts.tsx'
    Imported via "@/components/ui/Button" from file 'C:/Users/Aaron/abfi-platform-1/client/src/pages/ProducerMarketplaceListing.tsx'
    Imported via "@/components/ui/Button" from file 'C:/Users/Aaron/abfi-platform-1/client/src/pages/ProducerReview.tsx'
    Imported via "@/components/ui/Button" from file 'C:/Users/Aaron/abfi-platform-1/client/src/pages/FinancialOnboarding.tsx'
    Imported via "@/components/ui/Button" from file 'C:/Users/Aaron/abfi-platform-1/client/src/pages/ProjectRegistrationFlow.tsx'
    Imported via "@/components/ui/Button" from file 'C:/Users/Aaron/abfi-platform-1/client/src/pages/ProjectRegistrationSuccess.tsx'
    Imported via "@/components/ui/Button" from file 'C:/Users/Aaron/abfi-platform-1/client/src/pages/CertificateVerification.tsx'
    Imported via "@/components/ui/Button" from file 'C:/Users/Aaron/abfi-platform-1/client/src/pages/ProducerRegistrationSuccess.tsx'
    Imported via "@/components/ui/Button" from file 'C:/Users/Aaron/abfi-platform-1/client/src/pages/FinancialOnboardingSuccess.tsx'
    Imported via "@/components/ui/Button" from file 'C:/Users/Aaron/abfi-platform-1/client/src/pages/AdminAssessorWorkflow.tsx'
    Imported via "@/components/ui/Button" from file 'C:/Users/Aaron/abfi-platform-1/client/src/pages/AdminUserManagement.tsx'
    Imported via "@/components/ui/Button" from file 'C:/Users/Aaron/abfi-platform-1/client/src/components/ui/alert-dialog.tsx'
    Imported via "@/components/ui/Button" from file 'C:/Users/Aaron/abfi-platform-1/client/src/pages/AdminRSIE.tsx'
    Imported via "@/components/ui/Button" from file 'C:/Users/Aaron/abfi-platform-1/client/src/pages/MonitoringJobsScheduler.tsx'
    Imported via "@/components/ui/Button" from file 'C:/Users/Aaron/abfi-platform-1/client/src/pages/GrowerQualificationTiers.tsx'
    Imported via "@/components/ui/Button" from file 'C:/Users/Aaron/abfi-platform-1/client/src/pages/ConcentrationAnalysis.tsx'
    Imported via "@/components/ui/Button" from file 'C:/Users/Aaron/abfi-platform-1/client/src/pages/CreateDemandSignal.tsx'
    Imported via "@/components/ui/Button" from file 'C:/Users/Aaron/abfi-platform-1/client/src/pages/BrowseDemandSignals.tsx'
    Imported via "@/components/ui/Button" from file 'C:/Users/Aaron/abfi-platform-1/client/src/pages/DemandSignalDetail.tsx'
    Imported via "@/components/ui/Button" from file 'C:/Users/Aaron/abfi-platform-1/client/src/pages/SupplierFutures.tsx'
    Imported via "@/components/ui/Button" from file 'C:/Users/Aaron/abfi-platform-1/client/src/pages/FuturesCreate.tsx'
    Imported via "@/components/ui/Button" from file 'C:/Users/Aaron/abfi-platform-1/client/src/pages/FuturesDetailSupplier.tsx'
    Imported via "@/components/ui/Button" from file 'C:/Users/Aaron/abfi-platform-1/client/src/pages/FuturesMarketplace.tsx'
    Imported via "@/components/ui/Button" from file 'C:/Users/Aaron/abfi-platform-1/client/src/pages/FuturesDetailBuyer.tsx'
    Imported via "@/components/ui/Button" from file 'C:/Users/Aaron/abfi-platform-1/client/src/pages/MyEOIs.tsx'
    Imported via "@/components/ui/Button" from file 'C:/Users/Aaron/abfi-platform-1/client/src/pages/ForGrowers.tsx'
    Imported via "@/components/ui/Button" from file 'C:/Users/Aaron/abfi-platform-1/client/src/pages/ForDevelopers.tsx'
    Imported via "@/components/ui/Button" from file 'C:/Users/Aaron/abfi-platform-1/client/src/pages/ForLenders.tsx'
    Imported via "@/components/ui/Button" from file 'C:/Users/Aaron/abfi-platform-1/client/src/pages/PlatformFeatures.tsx'
    Imported via '@/components/ui/Button' from file 'C:/Users/Aaron/abfi-platform-1/client/src/components/HeyGenExplainerVideo.tsx'
    Imported via "@/components/ui/Button" from file 'C:/Users/Aaron/abfi-platform-1/client/src/pages/StressTesting.tsx'
    Imported via "@/components/ui/Button" from file 'C:/Users/Aaron/abfi-platform-1/client/src/pages/AuditLogs.tsx'
    Imported via "@/components/ui/Button" from file 'C:/Users/Aaron/abfi-platform-1/client/src/pages/PlatformHealth.tsx'
    Imported via "@/components/ui/Button" from file 'C:/Users/Aaron/abfi-platform-1/client/src/pages/ProcurementScenarios.tsx'
    Imported via "@/components/ui/Button" from file 'C:/Users/Aaron/abfi-platform-1/client/src/pages/LendingSentimentDashboard.tsx'
    Imported via "@/components/ui/Button" from file 'C:/Users/Aaron/abfi-platform-1/client/src/pages/FeedstockPriceDashboard.tsx'
    Imported via "@/components/ui/Button" from file 'C:/Users/Aaron/abfi-platform-1/client/src/pages/PolicyCarbonDashboard.tsx'
    Imported via '@/components/ui/Button' from file 'C:/Users/Aaron/abfi-platform-1/client/src/components/ui/RefreshButton.tsx'
    Imported via "@/components/ui/Button" from file 'C:/Users/Aaron/abfi-platform-1/client/src/pages/StealthDiscovery.tsx'
    Imported via '@/components/ui/Button' from file 'C:/Users/Aaron/abfi-platform-1/client/src/components/maps/UnifiedMap.tsx'
    Imported via '@/components/ui/Button' from file 'C:/Users/Aaron/abfi-platform-1/client/src/components/maps/SatelliteDataPanel.tsx'
    Imported via "@/components/ui/Button" from file 'C:/Users/Aaron/abfi-platform-1/client/src/pages/MarketIntelligence.tsx'
    Imported via "@/components/ui/Button" from file 'C:/Users/Aaron/abfi-platform-1/client/src/pages/BankabilityRatings.tsx'
    Imported via "@/components/ui/Button" from file 'C:/Users/Aaron/abfi-platform-1/client/src/pages/ProjectRatingsMatrix.tsx'
    Imported via "@/components/ui/Button" from file 'C:/Users/Aaron/abfi-platform-1/client/src/pages/ProjectRatingDetail.tsx'
    Imported via "@/components/ui/Button" from file 'C:/Users/Aaron/abfi-platform-1/client/src/pages/CarbonIntensityAnalysis.tsx'
    Imported via "@/components/ui/Button" from file 'C:/Users/Aaron/abfi-platform-1/client/src/pages/Landing.tsx'
    Imported via "@/components/ui/Button" from file 'C:/Users/Aaron/abfi-platform-1/client/src/pages/Explore.tsx'
    Imported via "@/components/ui/Button" from file 'C:/Users/Aaron/abfi-platform-1/client/src/pages/Methodology.tsx'
    Imported via "@/components/ui/Button" from file 'C:/Users/Aaron/abfi-platform-1/client/src/components/dashboard/SimplifiedDashboard.tsx'
    Imported via "@/components/ui/Button" from file 'C:/Users/Aaron/abfi-platform-1/client/src/pages/GrowerDashboard.tsx'
    Imported via '@/components/ui/Button' from file 'C:/Users/Aaron/abfi-platform-1/client/src/components/carbon/CarbonWallet.tsx'
    Imported via "@/components/ui/Button" from file 'C:/Users/Aaron/abfi-platform-1/client/src/pages/GrowerSettings.tsx'
    Imported via "@/components/ui/Button" from file 'C:/Users/Aaron/abfi-platform-1/client/src/pages/DeveloperDashboard.tsx'
    Imported via './Button' from file 'C:/Users/Aaron/abfi-platform-1/client/src/components/ui/CompactCard.tsx'
    Imported via "@/components/ui/Button" from file 'C:/Users/Aaron/abfi-platform-1/client/src/pages/FinanceDashboard.tsx'
    Imported via "@/components/ui/Button" from file 'C:/Users/Aaron/abfi-platform-1/client/src/pages/GovernmentDashboard.tsx'
    Imported via "@/components/ui/Button" from file 'C:/Users/Aaron/abfi-platform-1/client/src/pages/PriceDashboard.tsx'
    Imported via "@/components/ui/Button" from file 'C:/Users/Aaron/abfi-platform-1/client/src/pages/SupplierDirectory.tsx'
    Imported via "@/components/ui/Button" from file 'C:/Users/Aaron/abfi-platform-1/client/src/pages/QuoteRequest.tsx'
    Imported via "@/components/ui/Button" from file 'C:/Users/Aaron/abfi-platform-1/client/src/pages/Changelog.tsx'
    Imported via "@/components/ui/Button" from file 'C:/Users/Aaron/abfi-platform-1/client/src/pages/ProjectRegistry.tsx'
    Imported via "@/components/ui/Button" from file 'C:/Users/Aaron/abfi-platform-1/client/src/components/registry/ProjectCard.tsx'
    Imported via "@/components/ui/Button" from file 'C:/Users/Aaron/abfi-platform-1/client/src/pages/ProjectRegistryDetail.tsx'
    Imported via '@/components/ui/Button' from file 'C:/Users/Aaron/abfi-platform-1/client/src/components/climate/UnifiedClimatePanel.tsx'
    Imported via '@/components/ui/Button' from file 'C:/Users/Aaron/abfi-platform-1/client/src/components/climate/ClimateAlertsBar.tsx'
    Imported via '@/components/ui/Button' from file 'C:/Users/Aaron/abfi-platform-1/client/src/pages/ClimateIntelligenceHub.tsx'
    Imported via "@/components/ui/Button" from file 'C:/Users/Aaron/abfi-platform-1/client/src/pages/ClaimProject.tsx'
    Imported via '@/components/ui/Button' from file 'C:/Users/Aaron/abfi-platform-1/client/src/pages/BeemaBamboo.tsx'
    Imported via "@/components/ui/Button" from file 'C:/Users/Aaron/abfi-platform-1/client/src/components/AIChatBox.tsx'
    Imported via "@/components/ui/Button" from file 'C:/Users/Aaron/abfi-platform-1/client/src/components/LocationPickerWithMap.tsx'
    Imported via "@/components/ui/Button" from file 'C:/Users/Aaron/abfi-platform-1/client/src/components/ManusDialog.tsx'
    Imported via '@/components/ui/Button' from file 'C:/Users/Aaron/abfi-platform-1/client/src/components/layout/PremiumHeader.tsx'
    Matched by include pattern 'client/src/**/*' in 'C:/Users/Aaron/abfi-platform-1/tsconfig.json'
    Imported via "./Button" from file 'C:/Users/Aaron/abfi-platform-1/client/src/components/ui/EmptyState.tsx'
    Imported via "./Button" from file 'C:/Users/Aaron/abfi-platform-1/client/src/components/ui/announcement-banner.tsx'
    Imported via "@/components/ui/Button" from file 'C:/Users/Aaron/abfi-platform-1/client/src/components/ui/carousel.tsx'
    Imported via "@/components/ui/Button" from file 'C:/Users/Aaron/abfi-platform-1/client/src/components/ui/input-group.tsx'
    Imported via "@/components/ui/Button" from file 'C:/Users/Aaron/abfi-platform-1/client/src/components/ui/pagination.tsx'
    Imported via "./Button" from file 'C:/Users/Aaron/abfi-platform-1/client/src/components/ui/whats-new-modal.tsx'
    Imported via "@/components/ui/Button" from file 'C:/Users/Aaron/abfi-platform-1/client/src/pages/ComponentShowcase.tsx'
    Imported via "@/components/ui/Button" from file 'C:/Users/Aaron/abfi-platform-1/client/src/pages/GrowingCalendar.tsx'
    Imported via '@/components/ui/Button' from file 'C:/Users/Aaron/abfi-platform-1/client/src/pages/LenderDashboard.tsx'
    Imported via "@/components/ui/Button" from file 'C:/Users/Aaron/abfi-platform-1/client/src/pages/MarketIntelligenceMap.tsx'
    Imported via "@/components/ui/Button" from file 'C:/Users/Aaron/abfi-platform-1/client/src/pages/ProducerSuccess.tsx'
client/src/components/projects/ProjectClaimingModal.tsx(13,58): error TS1149: File name 'C:/Users/Aaron/abfi-platform-1/client/src/components/ui/card.tsx' differs from already included file name 'C:/Users/Aaron/abfi-platform-1/client/src/components/ui/Card.tsx' only in casing.
  The file is in the program because:
    Imported via "@/components/ui/Card" from file 'C:/Users/Aaron/abfi-platform-1/client/src/pages/NotFound.tsx'
    Imported via "@/components/ui/Card" from file 'C:/Users/Aaron/abfi-platform-1/client/src/pages/FeedstockDetail.tsx'
    Imported via "@/components/ui/Card" from file 'C:/Users/Aaron/abfi-platform-1/client/src/pages/FeedstockEdit.tsx'
    Imported via "@/components/ui/Card" from file 'C:/Users/Aaron/abfi-platform-1/client/src/pages/Browse.tsx'
    Imported via "@/components/ui/Card" from file 'C:/Users/Aaron/abfi-platform-1/client/src/components/layout/StatsGrid.tsx'
    Imported via "@/components/ui/Card" from file 'C:/Users/Aaron/abfi-platform-1/client/src/pages/Dashboard.tsx'
    Imported via "@/components/ui/Card" from file 'C:/Users/Aaron/abfi-platform-1/client/src/pages/SupplierRegistration.tsx'
    Imported via "@/components/ui/Card" from file 'C:/Users/Aaron/abfi-platform-1/client/src/pages/BuyerRegistration.tsx'
    Imported via "@/components/ui/Card" from file 'C:/Users/Aaron/abfi-platform-1/client/src/pages/AdminDashboard.tsx'
    Imported via "@/components/ui/Card" from file 'C:/Users/Aaron/abfi-platform-1/client/src/pages/FeedstockCreate.tsx'
    Imported via "@/components/ui/Card" from file 'C:/Users/Aaron/abfi-platform-1/client/src/pages/SendInquiry.tsx'
    Imported via "@/components/ui/Card" from file 'C:/Users/Aaron/abfi-platform-1/client/src/pages/MapView.tsx'
    Imported via '@/components/ui/Card' from file 'C:/Users/Aaron/abfi-platform-1/client/src/components/maps/ProjectsLayer.tsx'
    Imported via '@/components/ui/card' from file 'C:/Users/Aaron/abfi-platform-1/client/src/components/projects/ProjectClaimingModal.tsx'
    Imported via '@/components/ui/card' from file 'C:/Users/Aaron/abfi-platform-1/client/src/components/projects/ABFIMethodologyExplainer.tsx'
    Imported via '@/components/ui/Card' from file 'C:/Users/Aaron/abfi-platform-1/client/src/components/maps/BiomassRiskPanel.tsx'
    Imported via '@/components/ui/Card' from file 'C:/Users/Aaron/abfi-platform-1/client/src/pages/MapPage.tsx'
    Imported via "@/components/ui/Card" from file 'C:/Users/Aaron/abfi-platform-1/client/src/pages/CertificateUpload.tsx'
    Imported via "@/components/ui/Card" from file 'C:/Users/Aaron/abfi-platform-1/client/src/pages/SupplierInquiries.tsx'
    Imported via "@/components/ui/Card" from file 'C:/Users/Aaron/abfi-platform-1/client/src/pages/BuyerInquiries.tsx'
    Imported via "@/components/ui/Card" from file 'C:/Users/Aaron/abfi-platform-1/client/src/pages/SupplierFeedstocks.tsx'
    Imported via "@/components/ui/Card" from file 'C:/Users/Aaron/abfi-platform-1/client/src/pages/BankabilityDashboard.tsx'
    Imported via "@/components/ui/Card" from file 'C:/Users/Aaron/abfi-platform-1/client/src/components/ScoreCard.tsx'
    Imported via "@/components/ui/Card" from file 'C:/Users/Aaron/abfi-platform-1/client/src/pages/SavedSearches.tsx'
    Imported via "@/components/ui/Card" from file 'C:/Users/Aaron/abfi-platform-1/client/src/pages/SupplierProfile.tsx'
    Imported via "@/components/ui/Card" from file 'C:/Users/Aaron/abfi-platform-1/client/src/pages/SupplierPublicProfile.tsx'
    Imported via "@/components/ui/Card" from file 'C:/Users/Aaron/abfi-platform-1/client/src/pages/BuyerProfile.tsx'
    Imported via "@/components/ui/Card" from file 'C:/Users/Aaron/abfi-platform-1/client/src/pages/Notifications.tsx'
    Imported via "@/components/ui/Card" from file 'C:/Users/Aaron/abfi-platform-1/client/src/pages/QualityTestUpload.tsx'
    Imported via "@/components/ui/Card" from file 'C:/Users/Aaron/abfi-platform-1/client/src/pages/SupplyAgreements.tsx'
    Imported via "@/components/ui/Card" from file 'C:/Users/Aaron/abfi-platform-1/client/src/pages/InquiryResponse.tsx'
    Imported via "@/components/ui/Card" from file 'C:/Users/Aaron/abfi-platform-1/client/src/pages/GrowerQualification.tsx'
    Imported via "@/components/ui/Card" from file 'C:/Users/Aaron/abfi-platform-1/client/src/pages/BankabilityAssessment.tsx'
    Imported via "@/components/ui/Card" from file 'C:/Users/Aaron/abfi-platform-1/client/src/pages/LenderPortal.tsx'
    Imported via "@/components/ui/Card" from file 'C:/Users/Aaron/abfi-platform-1/client/src/pages/LenderPortfolioOverview.tsx'
    Imported via "@/components/ui/Card" from file 'C:/Users/Aaron/abfi-platform-1/client/src/pages/LenderRiskAnalytics.tsx'
    Imported via "@/components/ui/Card" from file 'C:/Users/Aaron/abfi-platform-1/client/src/pages/AdminAuditLogs.tsx'
    Imported via "@/components/ui/Card" from file 'C:/Users/Aaron/abfi-platform-1/client/src/pages/ComplianceDashboard.tsx'
    Imported via "@/components/ui/Card" from file 'C:/Users/Aaron/abfi-platform-1/client/src/pages/GrantVerification.tsx'
    Imported via "@/components/ui/Card" from file 'C:/Users/Aaron/abfi-platform-1/client/src/pages/ARENACEFCDashboard.tsx'
    Imported via "@/components/ui/Card" from file 'C:/Users/Aaron/abfi-platform-1/client/src/pages/ABARESLandUse.tsx'
    Imported via "@/components/ui/Card" from file 'C:/Users/Aaron/abfi-platform-1/client/src/pages/BOMWeatherDashboard.tsx'
    Imported via "@/components/ui/Card" from file 'C:/Users/Aaron/abfi-platform-1/client/src/pages/EvidenceManagement.tsx'
    Imported via "@/components/ui/Card" from file 'C:/Users/Aaron/abfi-platform-1/client/src/pages/EvidenceVaultDashboard.tsx'
    Imported via "@/components/ui/Card" from file 'C:/Users/Aaron/abfi-platform-1/client/src/pages/SupplyChainDashboard.tsx'
    Imported via "@/components/ui/Card" from file 'C:/Users/Aaron/abfi-platform-1/client/src/pages/EmissionsCalculator.tsx'
    Imported via "@/components/ui/Card" from file 'C:/Users/Aaron/abfi-platform-1/client/src/pages/CredentialsDashboard.tsx'
    Imported via "@/components/ui/Card" from file 'C:/Users/Aaron/abfi-platform-1/client/src/pages/GOSchemeDashboard.tsx'
    Imported via "@/components/ui/Card" from file 'C:/Users/Aaron/abfi-platform-1/client/src/pages/AustralianDataExplorer.tsx'
    Imported via "@/components/ui/Card" from file 'C:/Users/Aaron/abfi-platform-1/client/src/pages/DevLogin.tsx'
    Imported via "@/components/ui/Card" from file 'C:/Users/Aaron/abfi-platform-1/client/src/pages/MyGovIdLogin.tsx'
    Imported via "@/components/ui/Card" from file 'C:/Users/Aaron/abfi-platform-1/client/src/pages/ProducerRegistration.tsx'
    Imported via "@/components/ui/Card" from file 'C:/Users/Aaron/abfi-platform-1/client/src/pages/ProducerAccountSetup.tsx'
    Imported via "@/components/ui/Card" from file 'C:/Users/Aaron/abfi-platform-1/client/src/pages/ProducerPropertyMap.tsx'
    Imported via "@/components/ui/Card" from file 'C:/Users/Aaron/abfi-platform-1/client/src/pages/ProducerPropertyDetails.tsx'
    Imported via "@/components/ui/Card" from file 'C:/Users/Aaron/abfi-platform-1/client/src/pages/ProducerProductionProfile.tsx'
    Imported via "@/components/ui/Card" from file 'C:/Users/Aaron/abfi-platform-1/client/src/pages/ProducerCarbonCalculator.tsx'
    Imported via "@/components/ui/Card" from file 'C:/Users/Aaron/abfi-platform-1/client/src/pages/ProducerContracts.tsx'
    Imported via "@/components/ui/Card" from file 'C:/Users/Aaron/abfi-platform-1/client/src/pages/ProducerMarketplaceListing.tsx'
    Imported via "@/components/ui/Card" from file 'C:/Users/Aaron/abfi-platform-1/client/src/pages/ProducerReview.tsx'
    Imported via "@/components/ui/Card" from file 'C:/Users/Aaron/abfi-platform-1/client/src/pages/ProjectRegistrationSuccess.tsx'
    Imported via "@/components/ui/Card" from file 'C:/Users/Aaron/abfi-platform-1/client/src/pages/CertificateVerification.tsx'
    Imported via "@/components/ui/Card" from file 'C:/Users/Aaron/abfi-platform-1/client/src/pages/ProducerRegistrationSuccess.tsx'
    Imported via "@/components/ui/Card" from file 'C:/Users/Aaron/abfi-platform-1/client/src/pages/FinancialOnboardingSuccess.tsx'
    Imported via "@/components/ui/Card" from file 'C:/Users/Aaron/abfi-platform-1/client/src/pages/AdminAssessorWorkflow.tsx'
    Imported via "@/components/ui/Card" from file 'C:/Users/Aaron/abfi-platform-1/client/src/pages/AdminUserManagement.tsx'
    Imported via "@/components/ui/Card" from file 'C:/Users/Aaron/abfi-platform-1/client/src/pages/AdminRSIE.tsx'
    Imported via "@/components/ui/Card" from file 'C:/Users/Aaron/abfi-platform-1/client/src/pages/MonitoringJobsScheduler.tsx'
    Imported via "@/components/ui/Card" from file 'C:/Users/Aaron/abfi-platform-1/client/src/pages/GrowerQualificationTiers.tsx'
    Imported via "@/components/ui/Card" from file 'C:/Users/Aaron/abfi-platform-1/client/src/pages/ConcentrationAnalysis.tsx'
    Imported via "@/components/ui/Card" from file 'C:/Users/Aaron/abfi-platform-1/client/src/pages/CreateDemandSignal.tsx'
    Imported via "@/components/ui/Card" from file 'C:/Users/Aaron/abfi-platform-1/client/src/pages/BrowseDemandSignals.tsx'
    Imported via "@/components/ui/Card" from file 'C:/Users/Aaron/abfi-platform-1/client/src/pages/DemandSignalDetail.tsx'
    Imported via "@/components/ui/Card" from file 'C:/Users/Aaron/abfi-platform-1/client/src/pages/SupplierFutures.tsx'
    Imported via "@/components/ui/Card" from file 'C:/Users/Aaron/abfi-platform-1/client/src/pages/FuturesCreate.tsx'
    Imported via "@/components/ui/Card" from file 'C:/Users/Aaron/abfi-platform-1/client/src/pages/FuturesDetailSupplier.tsx'
    Imported via "@/components/ui/Card" from file 'C:/Users/Aaron/abfi-platform-1/client/src/pages/FuturesMarketplace.tsx'
    Imported via "@/components/ui/Card" from file 'C:/Users/Aaron/abfi-platform-1/client/src/pages/FuturesDetailBuyer.tsx'
    Imported via "@/components/ui/Card" from file 'C:/Users/Aaron/abfi-platform-1/client/src/pages/MyEOIs.tsx'
    Imported via "@/components/ui/Card" from file 'C:/Users/Aaron/abfi-platform-1/client/src/pages/ForGrowers.tsx'
    Imported via "@/components/ui/Card" from file 'C:/Users/Aaron/abfi-platform-1/client/src/pages/ForDevelopers.tsx'
    Imported via "@/components/ui/Card" from file 'C:/Users/Aaron/abfi-platform-1/client/src/pages/ForLenders.tsx'
    Imported via "@/components/ui/Card" from file 'C:/Users/Aaron/abfi-platform-1/client/src/pages/PlatformFeatures.tsx'
    Imported via '@/components/ui/Card' from file 'C:/Users/Aaron/abfi-platform-1/client/src/components/HeyGenExplainerVideo.tsx'
    Imported via "@/components/ui/Card" from file 'C:/Users/Aaron/abfi-platform-1/client/src/pages/StressTesting.tsx'
    Imported via "@/components/ui/Card" from file 'C:/Users/Aaron/abfi-platform-1/client/src/pages/AuditLogs.tsx'
    Imported via "@/components/ui/Card" from file 'C:/Users/Aaron/abfi-platform-1/client/src/pages/PlatformHealth.tsx'
    Imported via "@/components/ui/Card" from file 'C:/Users/Aaron/abfi-platform-1/client/src/pages/ProcurementScenarios.tsx'
    Imported via "@/components/ui/Card" from file 'C:/Users/Aaron/abfi-platform-1/client/src/pages/LendingSentimentDashboard.tsx'
    Imported via "@/components/ui/Card" from file 'C:/Users/Aaron/abfi-platform-1/client/src/pages/FeedstockPriceDashboard.tsx'
    Imported via "@/components/ui/Card" from file 'C:/Users/Aaron/abfi-platform-1/client/src/pages/PolicyCarbonDashboard.tsx'
    Imported via "@/components/ui/Card" from file 'C:/Users/Aaron/abfi-platform-1/client/src/pages/StealthDiscovery.tsx'
    Imported via '@/components/ui/Card' from file 'C:/Users/Aaron/abfi-platform-1/client/src/components/maps/UnifiedMap.tsx'
    Imported via '@/components/ui/Card' from file 'C:/Users/Aaron/abfi-platform-1/client/src/components/maps/SatelliteDataPanel.tsx'
    Imported via "@/components/ui/Card" from file 'C:/Users/Aaron/abfi-platform-1/client/src/pages/MarketIntelligence.tsx'
    Imported via "@/components/ui/Card" from file 'C:/Users/Aaron/abfi-platform-1/client/src/pages/BankabilityRatings.tsx'
    Imported via "@/components/ui/Card" from file 'C:/Users/Aaron/abfi-platform-1/client/src/pages/ProjectRatingsMatrix.tsx'
    Imported via "@/components/ui/Card" from file 'C:/Users/Aaron/abfi-platform-1/client/src/pages/ProjectRatingDetail.tsx'
    Imported via "@/components/ui/Card" from file 'C:/Users/Aaron/abfi-platform-1/client/src/pages/CarbonIntensityAnalysis.tsx'
    Imported via "@/components/ui/Card" from file 'C:/Users/Aaron/abfi-platform-1/client/src/pages/Landing.tsx'
    Imported via "@/components/ui/Card" from file 'C:/Users/Aaron/abfi-platform-1/client/src/pages/Explore.tsx'
    Imported via "@/components/ui/Card" from file 'C:/Users/Aaron/abfi-platform-1/client/src/pages/Methodology.tsx'
    Imported via "@/components/ui/Card" from file 'C:/Users/Aaron/abfi-platform-1/client/src/components/dashboard/SimplifiedDashboard.tsx'
    Imported via "@/components/ui/Card" from file 'C:/Users/Aaron/abfi-platform-1/client/src/pages/GrowerDashboard.tsx'
    Imported via '@/components/ui/Card' from file 'C:/Users/Aaron/abfi-platform-1/client/src/components/carbon/CarbonWallet.tsx'
    Imported via "@/components/ui/Card" from file 'C:/Users/Aaron/abfi-platform-1/client/src/pages/GrowerSettings.tsx'
    Imported via "@/components/ui/Card" from file 'C:/Users/Aaron/abfi-platform-1/client/src/pages/DeveloperDashboard.tsx'
    Imported via './Card' from file 'C:/Users/Aaron/abfi-platform-1/client/src/components/ui/CompactCard.tsx'
    Imported via "@/components/ui/Card" from file 'C:/Users/Aaron/abfi-platform-1/client/src/pages/FinanceDashboard.tsx'
    Imported via "@/components/ui/Card" from file 'C:/Users/Aaron/abfi-platform-1/client/src/pages/GovernmentDashboard.tsx'
    Imported via "@/components/ui/Card" from file 'C:/Users/Aaron/abfi-platform-1/client/src/pages/PriceDashboard.tsx'
    Imported via "@/components/ui/Card" from file 'C:/Users/Aaron/abfi-platform-1/client/src/pages/SupplierDirectory.tsx'
    Imported via "@/components/ui/Card" from file 'C:/Users/Aaron/abfi-platform-1/client/src/pages/QuoteRequest.tsx'
    Imported via "@/components/ui/Card" from file 'C:/Users/Aaron/abfi-platform-1/client/src/pages/Changelog.tsx'
    Imported via "@/components/ui/Card" from file 'C:/Users/Aaron/abfi-platform-1/client/src/pages/ProjectRegistry.tsx'
    Imported via "@/components/ui/Card" from file 'C:/Users/Aaron/abfi-platform-1/client/src/components/registry/ProjectCard.tsx'
    Imported via "@/components/ui/Card" from file 'C:/Users/Aaron/abfi-platform-1/client/src/pages/ProjectRegistryDetail.tsx'
    Imported via '@/components/ui/Card' from file 'C:/Users/Aaron/abfi-platform-1/client/src/components/climate/UnifiedClimatePanel.tsx'
    Imported via '@/components/ui/Card' from file 'C:/Users/Aaron/abfi-platform-1/client/src/pages/ClimateIntelligenceHub.tsx'
    Imported via '@/components/ui/Card' from file 'C:/Users/Aaron/abfi-platform-1/client/src/components/climate/ClimateLayerControls.tsx'
    Imported via "@/components/ui/Card" from file 'C:/Users/Aaron/abfi-platform-1/client/src/pages/ClaimProject.tsx'
    Imported via '@/components/ui/Card' from file 'C:/Users/Aaron/abfi-platform-1/client/src/pages/BeemaBamboo.tsx'
    Matched by include pattern 'client/src/**/*' in 'C:/Users/Aaron/abfi-platform-1/tsconfig.json'
    Imported via "@/components/ui/Card" from file 'C:/Users/Aaron/abfi-platform-1/client/src/pages/ComponentShowcase.tsx'
    Imported via "@/components/ui/Card" from file 'C:/Users/Aaron/abfi-platform-1/client/src/pages/GrowingCalendar.tsx'
    Imported via '@/components/ui/Card' from file 'C:/Users/Aaron/abfi-platform-1/client/src/pages/LenderDashboard.tsx'
    Imported via "@/components/ui/Card" from file 'C:/Users/Aaron/abfi-platform-1/client/src/pages/MarketIntelligenceMap.tsx'
    Imported via "@/components/ui/Card" from file 'C:/Users/Aaron/abfi-platform-1/client/src/pages/ProducerSuccess.tsx'
server/abfiProjectsRouter.ts(440,66): error TS2769: No overload matches this call.
  Overload 1 of 2, '(value: { assessmentId: number | SQL<unknown> | Placeholder<string, any>; title: string | SQL<unknown> | Placeholder<string, any>; pillarName: string | SQL<...> | Placeholder<...>; ... 13 more ...; abfiServiceRecommended?: boolean | ... 3 more ... | undefined; }): MySqlInsertBase<...>', gave the following error.
    Argument of type '{ assessmentId: number; pillarName: string; improvementType: "other"; title: string; description: string; abfiServiceRecommended: true; serviceDescription: string; createdBy: number; }' is not assignable to parameter of type '{ assessmentId: number | SQL<unknown> | Placeholder<string, any>; title: string | SQL<unknown> | Placeholder<string, any>; pillarName: string | SQL<unknown> | Placeholder<...>; ... 13 more ...; abfiServiceRecommended?: boolean | ... 3 more ... | undefined; }'.
      Property 'implementationComplexity' is missing in type '{ assessmentId: number; pillarName: string; improvementType: "other"; title: string; description: string; abfiServiceRecommended: true; serviceDescription: string; createdBy: number; }' but required in type '{ assessmentId: number | SQL<unknown> | Placeholder<string, any>; title: string | SQL<unknown> | Placeholder<string, any>; pillarName: string | SQL<unknown> | Placeholder<...>; ... 13 more ...; abfiServiceRecommended?: boolean | ... 3 more ... | undefined; }'.
  Overload 2 of 2, '(values: { assessmentId: number | SQL<unknown> | Placeholder<string, any>; title: string | SQL<unknown> | Placeholder<string, any>; pillarName: string | SQL<...> | Placeholder<...>; ... 13 more ...; abfiServiceRecommended?: boolean | ... 3 more ... | undefined; }[]): MySqlInsertBase<...>', gave the following error.
    Object literal may only specify known properties, and 'assessmentId' does not exist in type '{ assessmentId: number | SQL<unknown> | Placeholder<string, any>; title: string | SQL<unknown> | Placeholder<string, any>; pillarName: string | SQL<unknown> | Placeholder<...>; ... 13 more ...; abfiServiceRecommended?: boolean | ... 3 more ... | undefined; }[]'.
